acc_hal_integration_stm32cube_xc111_r4a.c:64:20:disable_interrupts	4	static,ignoring_inline_asm
acc_hal_integration_stm32cube_xc111_r4a.c:70:20:enable_interrupts	4	static,ignoring_inline_asm
acc_hal_integration_stm32cube_xc111_r4a.c:82:13:acc_hal_integration_sensor_transfer	32	static
acc_hal_integration_stm32cube_xc111_r4a.c:94:13:acc_hal_integration_sensor_power_on	16	static
acc_hal_integration_stm32cube_xc111_r4a.c:115:13:acc_hal_integration_sensor_power_off	16	static
acc_hal_integration_stm32cube_xc111_r4a.c:128:13:acc_hal_integration_wait_for_sensor_interrupt	24	static,ignoring_inline_asm
acc_hal_integration_stm32cube_xc111_r4a.c:155:14:acc_hal_integration_get_reference_frequency	4	static
acc_hal_integration_stm32cube_xc111_r4a.c:161:17:acc_hal_integration_get_current_time	8	static
acc_hal_integration_stm32cube_xc111_r4a.c:167:13:acc_hal_integration_log	216	static
acc_hal_integration_stm32cube_xc111_r4a.c:220:18:acc_hal_integration_get_implementation	4	static
